---
source: src/parser.rs
expression: "parse_crontab(\"0 0 1\").unwrap_err()"
---
failed to parse crontab expression:
0 0 1
     ^ missing months
