---
source: src/parser.rs
expression: "parse_crontab(\"0 0 1 */2 * UTC\").unwrap()"
---
Crontab {
    minutes: PossibleLiterals {
        values: {
            0,
        },
    },
    hours: PossibleLiterals {
        values: {
            0,
        },
    },
    months: PossibleLiterals {
        values: {
            1,
            3,
            5,
            7,
            9,
            11,
        },
    },
    days_of_month: PossibleLiterals {
        values: {
            1,
        },
    },
    days_of_week: PossibleLiterals {
        values: {
            1,
            2,
            3,
            4,
            5,
            6,
            7,
        },
    },
    timezone: TimeZone(
        "UTC",
    ),
}
