---
source: src/parser.rs
expression: "parse_crontab(\"0\").unwrap_err()"
---
failed to parse crontab expression:
0
 ^ missing hours
